2026-09-07T20:36:08Z INF Thank you for trying Cloudflare Tunnel. Doing so, without a Cloudflare account, is a quick way to experiment and try it out. However, be aware that these account-less Tunnels have no uptime guarantee, are subject to the Cloudflare Online Services Terms of Use (https://www.cloudflare.com/website-terms/), and Cloudflare reserves the right to investigate your use of Tunnels for violations of such terms. If you intend to use Tunnels in production you should use a pre-created named tunnel by following: https://developers.cloudflare.com/cloudflare-one/connections/connect-apps
2026-09-07T20:36:08Z INF Requesting new quick Tunnel on trycloudflare.com...
2026-09-07T20:36:18Z INF +--------------------------------------------------------------------------------------------+
2026-09-07T20:36:18Z INF |  Your quick Tunnel has been created! Visit it at (it may take some time to be reachable):  |
2026-09-07T20:36:18Z INF |  https://represented-shareholders-piece-macintosh.trycloudflare.com                        |
2026-09-07T20:36:18Z INF +--------------------------------------------------------------------------------------------+
2026-09-07T20:36:18Z INF Cannot determine default configuration path. No file [config.yml config.yaml] in [~/.cloudflared ~/.cloudflare-warp ~/cloudflare-warp]
2026-09-07T20:36:18Z INF Version 2026.8.3 (Checksum 83e726ed18ea78c5ad5213c4c3a3a27051393950d2bc8ed4de69bec12d14eaae)
2026-09-07T20:36:18Z INF GOOS: windows, GOVersion: go1.26.4, GoArch: amd64
2026-09-07T20:36:18Z INF Settings: map[ha-connections:1 logfile:cloudflared.log protocol:quic url:http://localhost:4200]
2026-09-07T20:36:18Z INF cloudflared will not automatically update on Windows systems.
2026-09-07T20:36:18Z INF Generated Connector ID: d9993787-5855-4c83-83ce-ff4aee76a47b
2026-09-07T20:36:18Z INF Initial protocol quic
2026-09-07T20:36:18Z INF ICMP proxy will use 192.168.1.13 as source for IPv4
2026-09-07T20:36:18Z INF ICMP proxy will use 2804:214:d:4f74:8ab3:4ea5:690a:5b67 in zone Wi-Fi as source for IPv6
2026-09-07T20:36:18Z INF cloudflared does not support loading the system root certificate pool on Windows. Please use --origin-ca-pool <PATH> to specify the path to the certificate pool
2026-09-07T20:36:18Z INF ICMP proxy will use 192.168.1.13 as source for IPv4
2026-09-07T20:36:18Z INF Tunnel connection curve preferences: [X25519MLKEM768 CurveID(65074) CurveP256] connIndex=0 event=0 ip=2606:4700:a8::5
2026-09-07T20:36:18Z INF ICMP proxy will use 2804:214:d:4f74:8ab3:4ea5:690a:5b67 in zone Wi-Fi as source for IPv6
2026-09-07T20:36:18Z INF Starting metrics server on 127.0.0.1:20241/metrics
2026-09-07T20:36:18Z INF +-------------------------------------------------------------------------------------+
2026-09-07T20:36:18Z INF |                               CONNECTIVITY PRE-CHECKS                               |
2026-09-07T20:36:18Z INF +-------------------------------------------------------------------------------------+
2026-09-07T20:36:18Z INF |  COMPONENT         TARGET                     STATUS  DETAILS                       |
2026-09-07T20:36:18Z INF |  DNS Resolution    region1.v2.argotunnel.com  PASS    DNS Resolved successfully     |
2026-09-07T20:36:18Z INF |  DNS Resolution    region2.v2.argotunnel.com  PASS    DNS Resolved successfully     |
2026-09-07T20:36:18Z INF |  UDP Connectivity  region1.v2.argotunnel.com  PASS    QUIC connection successful    |
2026-09-07T20:36:18Z INF |  UDP Connectivity  region2.v2.argotunnel.com  PASS    QUIC connection successful    |
2026-09-07T20:36:18Z INF |  TCP Connectivity  region1.v2.argotunnel.com  PASS    HTTP/2 connection successful  |
2026-09-07T20:36:18Z INF |  TCP Connectivity  region2.v2.argotunnel.com  PASS    HTTP/2 connection successful  |
2026-09-07T20:36:18Z INF |  Cloudflare API    api.cloudflare.com:443     PASS    API is reachable              |
2026-09-07T20:36:18Z INF |                                                                                     |
2026-09-07T20:36:18Z INF |  SUMMARY: Environment is healthy. cloudflared will use 'quic' as primary protocol.  |
2026-09-07T20:36:18Z INF +-------------------------------------------------------------------------------------+
2026-09-07T20:36:18Z INF precheck component="DNS Resolution" details="DNS Resolved successfully" run_id=9f203d51-fd91-4587-b8a6-4c34bb49d0e5 status=pass target=region1.v2.argotunnel.com
2026-09-07T20:36:18Z INF precheck component="DNS Resolution" details="DNS Resolved successfully" run_id=9f203d51-fd91-4587-b8a6-4c34bb49d0e5 status=pass target=region2.v2.argotunnel.com
2026-09-07T20:36:18Z INF precheck component="UDP Connectivity" details="QUIC connection successful" run_id=9f203d51-fd91-4587-b8a6-4c34bb49d0e5 status=pass target=region1.v2.argotunnel.com
2026-09-07T20:36:18Z INF precheck component="UDP Connectivity" details="QUIC connection successful" run_id=9f203d51-fd91-4587-b8a6-4c34bb49d0e5 status=pass target=region2.v2.argotunnel.com
2026-09-07T20:36:18Z INF precheck component="TCP Connectivity" details="HTTP/2 connection successful" run_id=9f203d51-fd91-4587-b8a6-4c34bb49d0e5 status=pass target=region1.v2.argotunnel.com
2026-09-07T20:36:18Z INF precheck component="TCP Connectivity" details="HTTP/2 connection successful" run_id=9f203d51-fd91-4587-b8a6-4c34bb49d0e5 status=pass target=region2.v2.argotunnel.com
2026-09-07T20:36:18Z INF precheck component="Cloudflare API" details="API is reachable" run_id=9f203d51-fd91-4587-b8a6-4c34bb49d0e5 status=pass target=api.cloudflare.com:443
2026-09-07T20:36:18Z INF precheck complete hard_fail=false run_id=9f203d51-fd91-4587-b8a6-4c34bb49d0e5 suggested_protocol=quic
2026-09-07T20:36:19Z INF Registered tunnel connection connIndex=0 connection=6e5ab5bf-e38d-4ae8-a70f-5bae5db7041b event=0 ip=2606:4700:a8::5 location=gru19 protocol=quic
2026-09-07T20:36:55Z ERR  error="stream 565 canceled by remote with error code 0" connIndex=0 event=1 ingressRule=0 originService=http://localhost:4200
2026-09-07T20:36:55Z ERR Request failed error="stream 565 canceled by remote with error code 0" connIndex=0 dest=https://represented-shareholders-piece-macintosh.trycloudflare.com/assets/branding/login-watermark.mp4 event=0 ip=2606:4700:a8::5 type=http
2026/09/07 17:38:07 Unsolicited response received on idle HTTP channel starting with "HTTP/1.1 400 Bad Request\r\n\r\n"; err=<nil>
2026/09/07 17:38:07 Unsolicited response received on idle HTTP channel starting with "HTTP/1.1 400 Bad Request\r\n\r\n"; err=<nil>
